// Jest Snapshot v1, https://goo.gl/fbAQLP

exports[`can be queried for the current user's conversations 1`] = `
Object {
  "data": Object {
    "conversations": Array [
      Object {
        "messages": Array [
          Object {
            "author": Object {
              "name": "John S.",
            },
            "body": "Not much!",
            "sentAt": 1504659549251,
          },
        ],
        "participants": Array [
          Object {
            "id": "12345",
            "name": "John S.",
          },
          Object {
            "id": "23456",
            "name": "Jane D.",
          },
        ],
      },
    ],
    "currentUser": Object {
      "id": "12345",
    },
  },
}
`;
